[debug] [2026-05-14T11:18:05.769Z] ----------------------------------------------------------------------
[debug] [2026-05-14T11:18:05.770Z] Command:       C:\Program Files\nodejs\node.exe C:\Users\skapn\AppData\Roaming\npm\node_modules\firebase-tools\lib\bin\firebase.js deploy --only functions
[debug] [2026-05-14T11:18:05.771Z] CLI Version:   15.16.0
[debug] [2026-05-14T11:18:05.771Z] Platform:      win32
[debug] [2026-05-14T11:18:05.771Z] Node Version:  v20.17.0
[debug] [2026-05-14T11:18:05.771Z] Time:          Thu May 14 2026 14:18:05 GMT+0300 (Eastern European Summer Time)
[debug] [2026-05-14T11:18:05.771Z] ----------------------------------------------------------------------
[debug] 
[debug] [2026-05-14T11:18:07.598Z] > command requires scopes: ["email","openid","https://www.googleapis.com/auth/cloudplatformprojects.readonly","https://www.googleapis.com/auth/firebase","https://www.googleapis.com/auth/cloud-platform"]
[debug] [2026-05-14T11:18:07.598Z] > authorizing via signed-in user (sotiris9515@gmail.com)
[debug] [2026-05-14T11:18:07.598Z] [iam] checking project petpal-aecda for permissions ["cloudfunctions.functions.create","cloudfunctions.functions.delete","cloudfunctions.functions.get","cloudfunctions.functions.list","cloudfunctions.functions.update","cloudfunctions.operations.get","firebase.projects.get"]
[debug] [2026-05-14T11:18:07.599Z] Checked if tokens are valid: true, expires at: 1778761060988
[debug] [2026-05-14T11:18:07.600Z] Checked if tokens are valid: true, expires at: 1778761060988
[debug] [2026-05-14T11:18:07.600Z] >>> [apiv2][query] POST https://cloudresourcemanager.googleapis.com/v1/projects/petpal-aecda:testIamPermissions [none]
[debug] [2026-05-14T11:18:07.601Z] >>> [apiv2][(partial)header] POST https://cloudresourcemanager.googleapis.com/v1/projects/petpal-aecda:testIamPermissions  x-goog-user-project=petpal-aecda
[debug] [2026-05-14T11:18:07.601Z] >>> [apiv2][body] POST https://cloudresourcemanager.googleapis.com/v1/projects/petpal-aecda:testIamPermissions {"permissions":["cloudfunctions.functions.create","cloudfunctions.functions.delete","cloudfunctions.functions.get","cloudfunctions.functions.list","cloudfunctions.functions.update","cloudfunctions.operations.get","firebase.projects.get"]}
[debug] [2026-05-14T11:18:08.433Z] <<< [apiv2][status] POST https://cloudresourcemanager.googleapis.com/v1/projects/petpal-aecda:testIamPermissions 200
[debug] [2026-05-14T11:18:08.433Z] <<< [apiv2][body] POST https://cloudresourcemanager.googleapis.com/v1/projects/petpal-aecda:testIamPermissions {"permissions":["cloudfunctions.functions.create","cloudfunctions.functions.delete","cloudfunctions.functions.get","cloudfunctions.functions.list","cloudfunctions.functions.update","cloudfunctions.operations.get","firebase.projects.get"]}
[debug] [2026-05-14T11:18:08.433Z] Checked if tokens are valid: true, expires at: 1778761060988
[debug] [2026-05-14T11:18:08.433Z] Checked if tokens are valid: true, expires at: 1778761060988
[debug] [2026-05-14T11:18:08.434Z] >>> [apiv2][query] POST https://iam.googleapis.com/v1/projects/petpal-aecda/serviceAccounts/petpal-aecda@appspot.gserviceaccount.com:testIamPermissions [none]
[debug] [2026-05-14T11:18:08.434Z] >>> [apiv2][body] POST https://iam.googleapis.com/v1/projects/petpal-aecda/serviceAccounts/petpal-aecda@appspot.gserviceaccount.com:testIamPermissions {"permissions":["iam.serviceAccounts.actAs"]}
[debug] [2026-05-14T11:18:09.309Z] <<< [apiv2][status] POST https://iam.googleapis.com/v1/projects/petpal-aecda/serviceAccounts/petpal-aecda@appspot.gserviceaccount.com:testIamPermissions 200
[debug] [2026-05-14T11:18:09.309Z] <<< [apiv2][body] POST https://iam.googleapis.com/v1/projects/petpal-aecda/serviceAccounts/petpal-aecda@appspot.gserviceaccount.com:testIamPermissions {"permissions":["iam.serviceAccounts.actAs"]}
[info] 
[info] === Deploying to 'petpal-aecda'...
[info] 
[info] i  deploying functions 
[debug] [2026-05-14T11:18:09.311Z] Checked if tokens are valid: true, expires at: 1778761060988
[debug] [2026-05-14T11:18:09.311Z] Checked if tokens are valid: true, expires at: 1778761060988
[debug] [2026-05-14T11:18:09.311Z] >>> [apiv2][query] GET https://cloudresourcemanager.googleapis.com/v1/projects/petpal-aecda [none]
[debug] [2026-05-14T11:18:09.548Z] <<< [apiv2][status] GET https://cloudresourcemanager.googleapis.com/v1/projects/petpal-aecda 200
[debug] [2026-05-14T11:18:09.548Z] <<< [apiv2][body] GET https://cloudresourcemanager.googleapis.com/v1/projects/petpal-aecda {"projectNumber":"256824305213","projectId":"petpal-aecda","lifecycleState":"ACTIVE","name":"PetPal","labels":{"firebase":"enabled"},"createTime":"2023-04-01T15:35:09.227201Z"}
[info] i  functions: preparing codebase default for deployment 
[info] i  functions: ensuring required API cloudfunctions.googleapis.com is enabled... 
[debug] [2026-05-14T11:18:09.550Z] Checked if tokens are valid: true, expires at: 1778761060988
[debug] [2026-05-14T11:18:09.550Z] Checked if tokens are valid: true, expires at: 1778761060988
[info] i  functions: ensuring required API cloudbuild.googleapis.com is enabled... 
[debug] [2026-05-14T11:18:09.550Z] Checked if tokens are valid: true, expires at: 1778761060988
[debug] [2026-05-14T11:18:09.550Z] Checked if tokens are valid: true, expires at: 1778761060988
[info] i  artifactregistry: ensuring required API artifactregistry.googleapis.com is enabled... 
[debug] [2026-05-14T11:18:09.550Z] Checked if tokens are valid: true, expires at: 1778761060988
[debug] [2026-05-14T11:18:09.551Z] Checked if tokens are valid: true, expires at: 1778761060988
[debug] [2026-05-14T11:18:09.551Z] >>> [apiv2][query] GET https://serviceusage.googleapis.com/v1/projects/petpal-aecda/services/cloudfunctions.googleapis.com [none]
[debug] [2026-05-14T11:18:09.551Z] >>> [apiv2][(partial)header] GET https://serviceusage.googleapis.com/v1/projects/petpal-aecda/services/cloudfunctions.googleapis.com  x-goog-user-project=petpal-aecda
[debug] [2026-05-14T11:18:09.552Z] >>> [apiv2][query] GET https://serviceusage.googleapis.com/v1/projects/petpal-aecda/services/cloudbuild.googleapis.com [none]
[debug] [2026-05-14T11:18:09.552Z] >>> [apiv2][(partial)header] GET https://serviceusage.googleapis.com/v1/projects/petpal-aecda/services/cloudbuild.googleapis.com  x-goog-user-project=petpal-aecda
[debug] [2026-05-14T11:18:09.552Z] >>> [apiv2][query] GET https://serviceusage.googleapis.com/v1/projects/petpal-aecda/services/artifactregistry.googleapis.com [none]
[debug] [2026-05-14T11:18:09.552Z] >>> [apiv2][(partial)header] GET https://serviceusage.googleapis.com/v1/projects/petpal-aecda/services/artifactregistry.googleapis.com  x-goog-user-project=petpal-aecda
[debug] [2026-05-14T11:18:10.605Z] <<< [apiv2][status] GET https://serviceusage.googleapis.com/v1/projects/petpal-aecda/services/cloudbuild.googleapis.com 200
[debug] [2026-05-14T11:18:10.605Z] <<< [apiv2][body] GET https://serviceusage.googleapis.com/v1/projects/petpal-aecda/services/cloudbuild.googleapis.com [omitted]
[info] +  functions: required API cloudbuild.googleapis.com is enabled 
[debug] [2026-05-14T11:18:10.611Z] <<< [apiv2][status] GET https://serviceusage.googleapis.com/v1/projects/petpal-aecda/services/cloudfunctions.googleapis.com 200
[debug] [2026-05-14T11:18:10.611Z] <<< [apiv2][body] GET https://serviceusage.googleapis.com/v1/projects/petpal-aecda/services/cloudfunctions.googleapis.com [omitted]
[info] +  functions: required API cloudfunctions.googleapis.com is enabled 
[debug] [2026-05-14T11:18:10.622Z] <<< [apiv2][status] GET https://serviceusage.googleapis.com/v1/projects/petpal-aecda/services/artifactregistry.googleapis.com 200
[debug] [2026-05-14T11:18:10.622Z] <<< [apiv2][body] GET https://serviceusage.googleapis.com/v1/projects/petpal-aecda/services/artifactregistry.googleapis.com [omitted]
[info] +  artifactregistry: required API artifactregistry.googleapis.com is enabled 
[debug] [2026-05-14T11:18:10.626Z] Checked if tokens are valid: true, expires at: 1778761060988
[debug] [2026-05-14T11:18:10.626Z] Checked if tokens are valid: true, expires at: 1778761060988
[debug] [2026-05-14T11:18:10.627Z] >>> [apiv2][query] GET https://firebase.googleapis.com/v1beta1/projects/petpal-aecda/adminSdkConfig [none]
[debug] [2026-05-14T11:18:11.275Z] <<< [apiv2][status] GET https://firebase.googleapis.com/v1beta1/projects/petpal-aecda/adminSdkConfig 200
[debug] [2026-05-14T11:18:11.275Z] <<< [apiv2][body] GET https://firebase.googleapis.com/v1beta1/projects/petpal-aecda/adminSdkConfig {"projectId":"petpal-aecda","storageBucket":"petpal-aecda.firebasestorage.app"}
[debug] [2026-05-14T11:18:11.275Z] Checked if tokens are valid: true, expires at: 1778761060988
[debug] [2026-05-14T11:18:11.276Z] Checked if tokens are valid: true, expires at: 1778761060988
[debug] [2026-05-14T11:18:11.276Z] >>> [apiv2][query] GET https://runtimeconfig.googleapis.com/v1beta1/projects/petpal-aecda/configs [none]
[debug] [2026-05-14T11:18:11.608Z] <<< [apiv2][status] GET https://runtimeconfig.googleapis.com/v1beta1/projects/petpal-aecda/configs 200
[debug] [2026-05-14T11:18:11.608Z] <<< [apiv2][body] GET https://runtimeconfig.googleapis.com/v1beta1/projects/petpal-aecda/configs {"configs":[{"name":"projects/petpal-aecda/configs/jcc"}]}
[debug] [2026-05-14T11:18:11.608Z] Checked if tokens are valid: true, expires at: 1778761060988
[debug] [2026-05-14T11:18:11.608Z] Checked if tokens are valid: true, expires at: 1778761060988
[debug] [2026-05-14T11:18:11.608Z] >>> [apiv2][query] GET https://runtimeconfig.googleapis.com/v1beta1/projects/petpal-aecda/configs/jcc/variables [none]
[debug] [2026-05-14T11:18:11.828Z] <<< [apiv2][status] GET https://runtimeconfig.googleapis.com/v1beta1/projects/petpal-aecda/configs/jcc/variables 200
[debug] [2026-05-14T11:18:11.828Z] <<< [apiv2][body] GET https://runtimeconfig.googleapis.com/v1beta1/projects/petpal-aecda/configs/jcc/variables {"variables":[{"name":"projects/petpal-aecda/configs/jcc/variables/frontend_url","updateTime":"2026-05-14T11:17:47.497977810Z"},{"name":"projects/petpal-aecda/configs/jcc/variables/pass","updateTime":"2026-05-14T11:17:47.790703233Z"},{"name":"projects/petpal-aecda/configs/jcc/variables/rest_base","updateTime":"2026-05-14T11:17:48.295712961Z"},{"name":"projects/petpal-aecda/configs/jcc/variables/return_url","updateTime":"2026-05-14T11:17:47.689454534Z"},{"name":"projects/petpal-aecda/configs/jcc/variables/user","updateTime":"2026-05-14T11:17:48.263102393Z"}]}
[debug] [2026-05-14T11:18:11.828Z] Checked if tokens are valid: true, expires at: 1778761060988
[debug] [2026-05-14T11:18:11.828Z] Checked if tokens are valid: true, expires at: 1778761060988
[debug] [2026-05-14T11:18:11.828Z] Checked if tokens are valid: true, expires at: 1778761060988
[debug] [2026-05-14T11:18:11.828Z] Checked if tokens are valid: true, expires at: 1778761060988
[debug] [2026-05-14T11:18:11.828Z] Checked if tokens are valid: true, expires at: 1778761060988
[debug] [2026-05-14T11:18:11.828Z] Checked if tokens are valid: true, expires at: 1778761060988
[debug] [2026-05-14T11:18:11.828Z] Checked if tokens are valid: true, expires at: 1778761060988
[debug] [2026-05-14T11:18:11.828Z] Checked if tokens are valid: true, expires at: 1778761060988
[debug] [2026-05-14T11:18:11.828Z] Checked if tokens are valid: true, expires at: 1778761060988
[debug] [2026-05-14T11:18:11.828Z] Checked if tokens are valid: true, expires at: 1778761060988
[debug] [2026-05-14T11:18:11.828Z] >>> [apiv2][query] GET https://runtimeconfig.googleapis.com/v1beta1/projects/petpal-aecda/configs/jcc/variables/frontend_url [none]
[debug] [2026-05-14T11:18:11.829Z] >>> [apiv2][query] GET https://runtimeconfig.googleapis.com/v1beta1/projects/petpal-aecda/configs/jcc/variables/pass [none]
[debug] [2026-05-14T11:18:11.830Z] >>> [apiv2][query] GET https://runtimeconfig.googleapis.com/v1beta1/projects/petpal-aecda/configs/jcc/variables/rest_base [none]
[debug] [2026-05-14T11:18:11.831Z] >>> [apiv2][query] GET https://runtimeconfig.googleapis.com/v1beta1/projects/petpal-aecda/configs/jcc/variables/return_url [none]
[debug] [2026-05-14T11:18:11.832Z] >>> [apiv2][query] GET https://runtimeconfig.googleapis.com/v1beta1/projects/petpal-aecda/configs/jcc/variables/user [none]
[debug] [2026-05-14T11:18:12.037Z] <<< [apiv2][status] GET https://runtimeconfig.googleapis.com/v1beta1/projects/petpal-aecda/configs/jcc/variables/frontend_url 200
[debug] [2026-05-14T11:18:12.038Z] <<< [apiv2][body] GET https://runtimeconfig.googleapis.com/v1beta1/projects/petpal-aecda/configs/jcc/variables/frontend_url {"name":"projects/petpal-aecda/configs/jcc/variables/frontend_url","updateTime":"2026-05-14T11:17:47.497977810Z","text":"http://116.203.209.68:5002 "}
[debug] [2026-05-14T11:18:12.144Z] <<< [apiv2][status] GET https://runtimeconfig.googleapis.com/v1beta1/projects/petpal-aecda/configs/jcc/variables/pass 200
[debug] [2026-05-14T11:18:12.144Z] <<< [apiv2][body] GET https://runtimeconfig.googleapis.com/v1beta1/projects/petpal-aecda/configs/jcc/variables/pass {"name":"projects/petpal-aecda/configs/jcc/variables/pass","updateTime":"2026-05-14T11:17:47.790703233Z","text":"syvam-Q9"}
[debug] [2026-05-14T11:18:12.145Z] <<< [apiv2][status] GET https://runtimeconfig.googleapis.com/v1beta1/projects/petpal-aecda/configs/jcc/variables/user 200
[debug] [2026-05-14T11:18:12.145Z] <<< [apiv2][body] GET https://runtimeconfig.googleapis.com/v1beta1/projects/petpal-aecda/configs/jcc/variables/user {"name":"projects/petpal-aecda/configs/jcc/variables/user","updateTime":"2026-05-14T11:17:48.263102393Z","text":"PetPal-api"}
[debug] [2026-05-14T11:18:12.161Z] <<< [apiv2][status] GET https://runtimeconfig.googleapis.com/v1beta1/projects/petpal-aecda/configs/jcc/variables/return_url 200
[debug] [2026-05-14T11:18:12.161Z] <<< [apiv2][body] GET https://runtimeconfig.googleapis.com/v1beta1/projects/petpal-aecda/configs/jcc/variables/return_url {"name":"projects/petpal-aecda/configs/jcc/variables/return_url","updateTime":"2026-05-14T11:17:47.689454534Z","text":"https://europe-west1-petpal-aecda.cloudfunctions.net/jccPaymentReturn"}
[debug] [2026-05-14T11:18:12.164Z] <<< [apiv2][status] GET https://runtimeconfig.googleapis.com/v1beta1/projects/petpal-aecda/configs/jcc/variables/rest_base 200
[debug] [2026-05-14T11:18:12.164Z] <<< [apiv2][body] GET https://runtimeconfig.googleapis.com/v1beta1/projects/petpal-aecda/configs/jcc/variables/rest_base {"name":"projects/petpal-aecda/configs/jcc/variables/rest_base","updateTime":"2026-05-14T11:17:48.295712961Z","text":"https://gateway-test.jcc.com.cy/payment/rest"}
[debug] [2026-05-14T11:18:12.166Z] Validating nodejs source
[warn] !  functions: Runtime Node.js 20 was deprecated on 2026-04-30 and will be decommissioned on 2026-10-30, after which you will not be able to deploy without upgrading. Consider upgrading now to avoid disruption. See https://cloud.google.com/functions/docs/runtime-support for full details on the lifecycle policy 
[warn] !  functions: Couldn't find firebase-functions package in your source code. Have you run 'npm install'? 
[debug] [2026-05-14T11:18:12.167Z] getFunctionsSDKVersion encountered error: Cannot find module 'firebase-functions'
Require stack:
- C:\Users\skapn\AppData\Roaming\npm\node_modules\firebase-tools\lib\deploy\functions\runtimes\node\versioning.js
- C:\Users\skapn\AppData\Roaming\npm\node_modules\firebase-tools\lib\deploy\functions\runtimes\node\index.js
- C:\Users\skapn\AppData\Roaming\npm\node_modules\firebase-tools\lib\deploy\functions\runtimes\index.js
- C:\Users\skapn\AppData\Roaming\npm\node_modules\firebase-tools\lib\deploy\functions\prepare.js
- C:\Users\skapn\AppData\Roaming\npm\node_modules\firebase-tools\lib\emulator\functionsEmulatorShared.js
- C:\Users\skapn\AppData\Roaming\npm\node_modules\firebase-tools\lib\frameworks\index.js
- C:\Users\skapn\AppData\Roaming\npm\node_modules\firebase-tools\lib\deploy\hosting\prepare.js
- C:\Users\skapn\AppData\Roaming\npm\node_modules\firebase-tools\lib\deploy\hosting\index.js
- C:\Users\skapn\AppData\Roaming\npm\node_modules\firebase-tools\lib\deploy\index.js
- C:\Users\skapn\AppData\Roaming\npm\node_modules\firebase-tools\lib\commands\deploy.js
- C:\Users\skapn\AppData\Roaming\npm\node_modules\firebase-tools\lib\commands\index.js
- C:\Users\skapn\AppData\Roaming\npm\node_modules\firebase-tools\lib\index.js
- C:\Users\skapn\AppData\Roaming\npm\node_modules\firebase-tools\lib\bin\cli.js
- C:\Users\skapn\AppData\Roaming\npm\node_modules\firebase-tools\lib\bin\firebase.js {"code":"MODULE_NOT_FOUND","requireStack":["C:\\Users\\skapn\\AppData\\Roaming\\npm\\node_modules\\firebase-tools\\lib\\deploy\\functions\\runtimes\\node\\versioning.js","C:\\Users\\skapn\\AppData\\Roaming\\npm\\node_modules\\firebase-tools\\lib\\deploy\\functions\\runtimes\\node\\index.js","C:\\Users\\skapn\\AppData\\Roaming\\npm\\node_modules\\firebase-tools\\lib\\deploy\\functions\\runtimes\\index.js","C:\\Users\\skapn\\AppData\\Roaming\\npm\\node_modules\\firebase-tools\\lib\\deploy\\functions\\prepare.js","C:\\Users\\skapn\\AppData\\Roaming\\npm\\node_modules\\firebase-tools\\lib\\emulator\\functionsEmulatorShared.js","C:\\Users\\skapn\\AppData\\Roaming\\npm\\node_modules\\firebase-tools\\lib\\frameworks\\index.js","C:\\Users\\skapn\\AppData\\Roaming\\npm\\node_modules\\firebase-tools\\lib\\deploy\\hosting\\prepare.js","C:\\Users\\skapn\\AppData\\Roaming\\npm\\node_modules\\firebase-tools\\lib\\deploy\\hosting\\index.js","C:\\Users\\skapn\\AppData\\Roaming\\npm\\node_modules\\firebase-tools\\lib\\deploy\\index.js","C:\\Users\\skapn\\AppData\\Roaming\\npm\\node_modules\\firebase-tools\\lib\\commands\\deploy.js","C:\\Users\\skapn\\AppData\\Roaming\\npm\\node_modules\\firebase-tools\\lib\\commands\\index.js","C:\\Users\\skapn\\AppData\\Roaming\\npm\\node_modules\\firebase-tools\\lib\\index.js","C:\\Users\\skapn\\AppData\\Roaming\\npm\\node_modules\\firebase-tools\\lib\\bin\\cli.js","C:\\Users\\skapn\\AppData\\Roaming\\npm\\node_modules\\firebase-tools\\lib\\bin\\firebase.js"]}
[debug] [2026-05-14T11:18:12.168Z] checkFunctionsSDKVersion encountered error: Invalid Version:  {}
[debug] [2026-05-14T11:18:12.169Z] > [functions] package.json contents: {
  "name": "petpal-functions",
  "private": true,
  "engines": {
    "node": "20"
  },
  "main": "index.js",
  "dependencies": {
    "cors": "^2.8.5",
    "firebase-admin": "^12.0.0",
    "firebase-functions": "^4.6.0"
  }
}
[debug] [2026-05-14T11:18:12.169Z] Building nodejs source
[info] i  functions: Loading and analyzing source code for codebase default to determine what to deploy 
[debug] [2026-05-14T11:18:12.170Z] Could not parse firebase-functions version '' into semver.
[debug] [2026-05-14T11:18:12.171Z] Could not find functions.yaml. Must use http discovery
[debug] [2026-05-14T11:18:12.363Z] Error: Cannot find module 'firebase-functions'
Require stack:
- C:\Users\skapn\AppData\Roaming\npm\node_modules\firebase-tools\lib\deploy\functions\runtimes\node\index.js
- C:\Users\skapn\AppData\Roaming\npm\node_modules\firebase-tools\lib\deploy\functions\runtimes\index.js
- C:\Users\skapn\AppData\Roaming\npm\node_modules\firebase-tools\lib\deploy\functions\prepare.js
- C:\Users\skapn\AppData\Roaming\npm\node_modules\firebase-tools\lib\emulator\functionsEmulatorShared.js
- C:\Users\skapn\AppData\Roaming\npm\node_modules\firebase-tools\lib\frameworks\index.js
- C:\Users\skapn\AppData\Roaming\npm\node_modules\firebase-tools\lib\deploy\hosting\prepare.js
- C:\Users\skapn\AppData\Roaming\npm\node_modules\firebase-tools\lib\deploy\hosting\index.js
- C:\Users\skapn\AppData\Roaming\npm\node_modules\firebase-tools\lib\deploy\index.js
- C:\Users\skapn\AppData\Roaming\npm\node_modules\firebase-tools\lib\commands\deploy.js
- C:\Users\skapn\AppData\Roaming\npm\node_modules\firebase-tools\lib\commands\index.js
- C:\Users\skapn\AppData\Roaming\npm\node_modules\firebase-tools\lib\index.js
- C:\Users\skapn\AppData\Roaming\npm\node_modules\firebase-tools\lib\bin\cli.js
- C:\Users\skapn\AppData\Roaming\npm\node_modules\firebase-tools\lib\bin\firebase.js
    at Module._resolveFilename (node:internal/modules/cjs/loader:1225:15)
    at Function.resolve (node:internal/modules/helpers:190:19)
    at Delegate.findFunctionsBinary (C:\Users\skapn\AppData\Roaming\npm\node_modules\firebase-tools\lib\deploy\functions\runtimes\node\index.js:101:33)
    at Delegate.spawnFunctionsProcess (C:\Users\skapn\AppData\Roaming\npm\node_modules\firebase-tools\lib\deploy\functions\runtimes\node\index.js:131:30)
    at Delegate.serveAdmin (C:\Users\skapn\AppData\Roaming\npm\node_modules\firebase-tools\lib\deploy\functions\runtimes\node\index.js:152:35)
    at Delegate.discoverBuild (C:\Users\skapn\AppData\Roaming\npm\node_modules\firebase-tools\lib\deploy\functions\runtimes\node\index.js:192:41)
    at process.processTicksAndRejections (node:internal/process/task_queues:95:5)
    at async loadCodebases (C:\Users\skapn\AppData\Roaming\npm\node_modules\firebase-tools\lib\deploy\functions\prepare.js:386:33)
    at async prepare (C:\Users\skapn\AppData\Roaming\npm\node_modules\firebase-tools\lib\deploy\functions\prepare.js:73:24)
    at async chain (C:\Users\skapn\AppData\Roaming\npm\node_modules\firebase-tools\lib\deploy\index.js:45:9)
[error] 
[error] Error: An unexpected error has occurred.
[debug] [2026-05-14T11:18:45.015Z] ----------------------------------------------------------------------
[debug] [2026-05-14T11:18:45.017Z] Command:       C:\Program Files\nodejs\node.exe C:\Users\skapn\AppData\Roaming\npm\node_modules\firebase-tools\lib\bin\firebase.js deploy --only functions
[debug] [2026-05-14T11:18:45.018Z] CLI Version:   15.16.0
[debug] [2026-05-14T11:18:45.018Z] Platform:      win32
[debug] [2026-05-14T11:18:45.018Z] Node Version:  v20.17.0
[debug] [2026-05-14T11:18:45.018Z] Time:          Thu May 14 2026 14:18:45 GMT+0300 (Eastern European Summer Time)
[debug] [2026-05-14T11:18:45.018Z] ----------------------------------------------------------------------
[debug] 
[debug] [2026-05-14T11:18:46.286Z] > command requires scopes: ["email","openid","https://www.googleapis.com/auth/cloudplatformprojects.readonly","https://www.googleapis.com/auth/firebase","https://www.googleapis.com/auth/cloud-platform"]
[debug] [2026-05-14T11:18:46.286Z] > authorizing via signed-in user (sotiris9515@gmail.com)
[debug] [2026-05-14T11:18:46.286Z] [iam] checking project petpal-aecda for permissions ["cloudfunctions.functions.create","cloudfunctions.functions.delete","cloudfunctions.functions.get","cloudfunctions.functions.list","cloudfunctions.functions.update","cloudfunctions.operations.get","firebase.projects.get"]
[debug] [2026-05-14T11:18:46.287Z] Checked if tokens are valid: true, expires at: 1778761060988
[debug] [2026-05-14T11:18:46.287Z] Checked if tokens are valid: true, expires at: 1778761060988
[debug] [2026-05-14T11:18:46.288Z] >>> [apiv2][query] POST https://cloudresourcemanager.googleapis.com/v1/projects/petpal-aecda:testIamPermissions [none]
[debug] [2026-05-14T11:18:46.288Z] >>> [apiv2][(partial)header] POST https://cloudresourcemanager.googleapis.com/v1/projects/petpal-aecda:testIamPermissions  x-goog-user-project=petpal-aecda
[debug] [2026-05-14T11:18:46.288Z] >>> [apiv2][body] POST https://cloudresourcemanager.googleapis.com/v1/projects/petpal-aecda:testIamPermissions {"permissions":["cloudfunctions.functions.create","cloudfunctions.functions.delete","cloudfunctions.functions.get","cloudfunctions.functions.list","cloudfunctions.functions.update","cloudfunctions.operations.get","firebase.projects.get"]}
[debug] [2026-05-14T11:18:47.120Z] <<< [apiv2][status] POST https://cloudresourcemanager.googleapis.com/v1/projects/petpal-aecda:testIamPermissions 200
[debug] [2026-05-14T11:18:47.120Z] <<< [apiv2][body] POST https://cloudresourcemanager.googleapis.com/v1/projects/petpal-aecda:testIamPermissions {"permissions":["cloudfunctions.functions.create","cloudfunctions.functions.delete","cloudfunctions.functions.get","cloudfunctions.functions.list","cloudfunctions.functions.update","cloudfunctions.operations.get","firebase.projects.get"]}
[debug] [2026-05-14T11:18:47.120Z] Checked if tokens are valid: true, expires at: 1778761060988
[debug] [2026-05-14T11:18:47.120Z] Checked if tokens are valid: true, expires at: 1778761060988
[debug] [2026-05-14T11:18:47.120Z] >>> [apiv2][query] POST https://iam.googleapis.com/v1/projects/petpal-aecda/serviceAccounts/petpal-aecda@appspot.gserviceaccount.com:testIamPermissions [none]
[debug] [2026-05-14T11:18:47.120Z] >>> [apiv2][body] POST https://iam.googleapis.com/v1/projects/petpal-aecda/serviceAccounts/petpal-aecda@appspot.gserviceaccount.com:testIamPermissions {"permissions":["iam.serviceAccounts.actAs"]}
[debug] [2026-05-14T11:18:47.928Z] <<< [apiv2][status] POST https://iam.googleapis.com/v1/projects/petpal-aecda/serviceAccounts/petpal-aecda@appspot.gserviceaccount.com:testIamPermissions 200
[debug] [2026-05-14T11:18:47.928Z] <<< [apiv2][body] POST https://iam.googleapis.com/v1/projects/petpal-aecda/serviceAccounts/petpal-aecda@appspot.gserviceaccount.com:testIamPermissions {"permissions":["iam.serviceAccounts.actAs"]}
[info] 
[info] === Deploying to 'petpal-aecda'...
[info] 
[info] i  deploying functions 
[debug] [2026-05-14T11:18:47.930Z] Checked if tokens are valid: true, expires at: 1778761060988
[debug] [2026-05-14T11:18:47.930Z] Checked if tokens are valid: true, expires at: 1778761060988
[debug] [2026-05-14T11:18:47.930Z] >>> [apiv2][query] GET https://cloudresourcemanager.googleapis.com/v1/projects/petpal-aecda [none]
[debug] [2026-05-14T11:18:48.162Z] <<< [apiv2][status] GET https://cloudresourcemanager.googleapis.com/v1/projects/petpal-aecda 200
[debug] [2026-05-14T11:18:48.162Z] <<< [apiv2][body] GET https://cloudresourcemanager.googleapis.com/v1/projects/petpal-aecda {"projectNumber":"256824305213","projectId":"petpal-aecda","lifecycleState":"ACTIVE","name":"PetPal","labels":{"firebase":"enabled"},"createTime":"2023-04-01T15:35:09.227201Z"}
[info] i  functions: preparing codebase default for deployment 
[info] i  functions: ensuring required API cloudfunctions.googleapis.com is enabled... 
[info] i  functions: ensuring required API cloudbuild.googleapis.com is enabled... 
[info] i  artifactregistry: ensuring required API artifactregistry.googleapis.com is enabled... 
[debug] [2026-05-14T11:18:48.164Z] Checked if tokens are valid: true, expires at: 1778761060988
[debug] [2026-05-14T11:18:48.164Z] Checked if tokens are valid: true, expires at: 1778761060988
[debug] [2026-05-14T11:18:48.164Z] >>> [apiv2][query] GET https://firebase.googleapis.com/v1beta1/projects/petpal-aecda/adminSdkConfig [none]
[debug] [2026-05-14T11:18:48.925Z] <<< [apiv2][status] GET https://firebase.googleapis.com/v1beta1/projects/petpal-aecda/adminSdkConfig 200
[debug] [2026-05-14T11:18:48.925Z] <<< [apiv2][body] GET https://firebase.googleapis.com/v1beta1/projects/petpal-aecda/adminSdkConfig {"projectId":"petpal-aecda","storageBucket":"petpal-aecda.firebasestorage.app"}
[debug] [2026-05-14T11:18:48.925Z] Checked if tokens are valid: true, expires at: 1778761060988
[debug] [2026-05-14T11:18:48.926Z] Checked if tokens are valid: true, expires at: 1778761060988
[debug] [2026-05-14T11:18:48.926Z] >>> [apiv2][query] GET https://runtimeconfig.googleapis.com/v1beta1/projects/petpal-aecda/configs [none]
[debug] [2026-05-14T11:18:49.268Z] <<< [apiv2][status] GET https://runtimeconfig.googleapis.com/v1beta1/projects/petpal-aecda/configs 200
[debug] [2026-05-14T11:18:49.268Z] <<< [apiv2][body] GET https://runtimeconfig.googleapis.com/v1beta1/projects/petpal-aecda/configs {"configs":[{"name":"projects/petpal-aecda/configs/jcc"}]}
[debug] [2026-05-14T11:18:49.269Z] Checked if tokens are valid: true, expires at: 1778761060988
[debug] [2026-05-14T11:18:49.269Z] Checked if tokens are valid: true, expires at: 1778761060988
[debug] [2026-05-14T11:18:49.269Z] >>> [apiv2][query] GET https://runtimeconfig.googleapis.com/v1beta1/projects/petpal-aecda/configs/jcc/variables [none]
[debug] [2026-05-14T11:18:49.518Z] <<< [apiv2][status] GET https://runtimeconfig.googleapis.com/v1beta1/projects/petpal-aecda/configs/jcc/variables 200
[debug] [2026-05-14T11:18:49.518Z] <<< [apiv2][body] GET https://runtimeconfig.googleapis.com/v1beta1/projects/petpal-aecda/configs/jcc/variables {"variables":[{"name":"projects/petpal-aecda/configs/jcc/variables/user","updateTime":"2026-05-14T11:17:48.263102393Z"},{"name":"projects/petpal-aecda/configs/jcc/variables/frontend_url","updateTime":"2026-05-14T11:17:47.497977810Z"},{"name":"projects/petpal-aecda/configs/jcc/variables/pass","updateTime":"2026-05-14T11:17:47.790703233Z"},{"name":"projects/petpal-aecda/configs/jcc/variables/rest_base","updateTime":"2026-05-14T11:17:48.295712961Z"},{"name":"projects/petpal-aecda/configs/jcc/variables/return_url","updateTime":"2026-05-14T11:17:47.689454534Z"}]}
[debug] [2026-05-14T11:18:49.518Z] Checked if tokens are valid: true, expires at: 1778761060988
[debug] [2026-05-14T11:18:49.518Z] Checked if tokens are valid: true, expires at: 1778761060988
[debug] [2026-05-14T11:18:49.518Z] Checked if tokens are valid: true, expires at: 1778761060988
[debug] [2026-05-14T11:18:49.519Z] Checked if tokens are valid: true, expires at: 1778761060988
[debug] [2026-05-14T11:18:49.519Z] Checked if tokens are valid: true, expires at: 1778761060988
[debug] [2026-05-14T11:18:49.519Z] Checked if tokens are valid: true, expires at: 1778761060988
[debug] [2026-05-14T11:18:49.519Z] Checked if tokens are valid: true, expires at: 1778761060988
[debug] [2026-05-14T11:18:49.519Z] Checked if tokens are valid: true, expires at: 1778761060988
[debug] [2026-05-14T11:18:49.519Z] Checked if tokens are valid: true, expires at: 1778761060988
[debug] [2026-05-14T11:18:49.519Z] Checked if tokens are valid: true, expires at: 1778761060988
[debug] [2026-05-14T11:18:49.519Z] >>> [apiv2][query] GET https://runtimeconfig.googleapis.com/v1beta1/projects/petpal-aecda/configs/jcc/variables/user [none]
[debug] [2026-05-14T11:18:49.519Z] >>> [apiv2][query] GET https://runtimeconfig.googleapis.com/v1beta1/projects/petpal-aecda/configs/jcc/variables/frontend_url [none]
[debug] [2026-05-14T11:18:49.520Z] >>> [apiv2][query] GET https://runtimeconfig.googleapis.com/v1beta1/projects/petpal-aecda/configs/jcc/variables/pass [none]
[debug] [2026-05-14T11:18:49.521Z] >>> [apiv2][query] GET https://runtimeconfig.googleapis.com/v1beta1/projects/petpal-aecda/configs/jcc/variables/rest_base [none]
[debug] [2026-05-14T11:18:49.522Z] >>> [apiv2][query] GET https://runtimeconfig.googleapis.com/v1beta1/projects/petpal-aecda/configs/jcc/variables/return_url [none]
[debug] [2026-05-14T11:18:49.739Z] <<< [apiv2][status] GET https://runtimeconfig.googleapis.com/v1beta1/projects/petpal-aecda/configs/jcc/variables/user 200
[debug] [2026-05-14T11:18:49.739Z] <<< [apiv2][body] GET https://runtimeconfig.googleapis.com/v1beta1/projects/petpal-aecda/configs/jcc/variables/user {"name":"projects/petpal-aecda/configs/jcc/variables/user","updateTime":"2026-05-14T11:17:48.263102393Z","text":"PetPal-api"}
[debug] [2026-05-14T11:18:49.843Z] <<< [apiv2][status] GET https://runtimeconfig.googleapis.com/v1beta1/projects/petpal-aecda/configs/jcc/variables/rest_base 200
[debug] [2026-05-14T11:18:49.843Z] <<< [apiv2][body] GET https://runtimeconfig.googleapis.com/v1beta1/projects/petpal-aecda/configs/jcc/variables/rest_base {"name":"projects/petpal-aecda/configs/jcc/variables/rest_base","updateTime":"2026-05-14T11:17:48.295712961Z","text":"https://gateway-test.jcc.com.cy/payment/rest"}
[debug] [2026-05-14T11:18:49.844Z] <<< [apiv2][status] GET https://runtimeconfig.googleapis.com/v1beta1/projects/petpal-aecda/configs/jcc/variables/frontend_url 200
[debug] [2026-05-14T11:18:49.844Z] <<< [apiv2][body] GET https://runtimeconfig.googleapis.com/v1beta1/projects/petpal-aecda/configs/jcc/variables/frontend_url {"name":"projects/petpal-aecda/configs/jcc/variables/frontend_url","updateTime":"2026-05-14T11:17:47.497977810Z","text":"http://116.203.209.68:5002 "}
[debug] [2026-05-14T11:18:49.844Z] <<< [apiv2][status] GET https://runtimeconfig.googleapis.com/v1beta1/projects/petpal-aecda/configs/jcc/variables/pass 200
[debug] [2026-05-14T11:18:49.844Z] <<< [apiv2][body] GET https://runtimeconfig.googleapis.com/v1beta1/projects/petpal-aecda/configs/jcc/variables/pass {"name":"projects/petpal-aecda/configs/jcc/variables/pass","updateTime":"2026-05-14T11:17:47.790703233Z","text":"syvam-Q9"}
[debug] [2026-05-14T11:18:49.865Z] <<< [apiv2][status] GET https://runtimeconfig.googleapis.com/v1beta1/projects/petpal-aecda/configs/jcc/variables/return_url 200
[debug] [2026-05-14T11:18:49.865Z] <<< [apiv2][body] GET https://runtimeconfig.googleapis.com/v1beta1/projects/petpal-aecda/configs/jcc/variables/return_url {"name":"projects/petpal-aecda/configs/jcc/variables/return_url","updateTime":"2026-05-14T11:17:47.689454534Z","text":"https://europe-west1-petpal-aecda.cloudfunctions.net/jccPaymentReturn"}
[debug] [2026-05-14T11:18:49.866Z] Validating nodejs source
[warn] !  functions: Runtime Node.js 20 was deprecated on 2026-04-30 and will be decommissioned on 2026-10-30, after which you will not be able to deploy without upgrading. Consider upgrading now to avoid disruption. See https://cloud.google.com/functions/docs/runtime-support for full details on the lifecycle policy 
[warn] !  functions: Couldn't find firebase-functions package in your source code. Have you run 'npm install'? 
[debug] [2026-05-14T11:18:49.867Z] getFunctionsSDKVersion encountered error: Cannot find module 'firebase-functions'
Require stack:
- C:\Users\skapn\AppData\Roaming\npm\node_modules\firebase-tools\lib\deploy\functions\runtimes\node\versioning.js
- C:\Users\skapn\AppData\Roaming\npm\node_modules\firebase-tools\lib\deploy\functions\runtimes\node\index.js
- C:\Users\skapn\AppData\Roaming\npm\node_modules\firebase-tools\lib\deploy\functions\runtimes\index.js
- C:\Users\skapn\AppData\Roaming\npm\node_modules\firebase-tools\lib\deploy\functions\prepare.js
- C:\Users\skapn\AppData\Roaming\npm\node_modules\firebase-tools\lib\emulator\functionsEmulatorShared.js
- C:\Users\skapn\AppData\Roaming\npm\node_modules\firebase-tools\lib\frameworks\index.js
- C:\Users\skapn\AppData\Roaming\npm\node_modules\firebase-tools\lib\deploy\hosting\prepare.js
- C:\Users\skapn\AppData\Roaming\npm\node_modules\firebase-tools\lib\deploy\hosting\index.js
- C:\Users\skapn\AppData\Roaming\npm\node_modules\firebase-tools\lib\deploy\index.js
- C:\Users\skapn\AppData\Roaming\npm\node_modules\firebase-tools\lib\commands\deploy.js
- C:\Users\skapn\AppData\Roaming\npm\node_modules\firebase-tools\lib\commands\index.js
- C:\Users\skapn\AppData\Roaming\npm\node_modules\firebase-tools\lib\index.js
- C:\Users\skapn\AppData\Roaming\npm\node_modules\firebase-tools\lib\bin\cli.js
- C:\Users\skapn\AppData\Roaming\npm\node_modules\firebase-tools\lib\bin\firebase.js {"code":"MODULE_NOT_FOUND","requireStack":["C:\\Users\\skapn\\AppData\\Roaming\\npm\\node_modules\\firebase-tools\\lib\\deploy\\functions\\runtimes\\node\\versioning.js","C:\\Users\\skapn\\AppData\\Roaming\\npm\\node_modules\\firebase-tools\\lib\\deploy\\functions\\runtimes\\node\\index.js","C:\\Users\\skapn\\AppData\\Roaming\\npm\\node_modules\\firebase-tools\\lib\\deploy\\functions\\runtimes\\index.js","C:\\Users\\skapn\\AppData\\Roaming\\npm\\node_modules\\firebase-tools\\lib\\deploy\\functions\\prepare.js","C:\\Users\\skapn\\AppData\\Roaming\\npm\\node_modules\\firebase-tools\\lib\\emulator\\functionsEmulatorShared.js","C:\\Users\\skapn\\AppData\\Roaming\\npm\\node_modules\\firebase-tools\\lib\\frameworks\\index.js","C:\\Users\\skapn\\AppData\\Roaming\\npm\\node_modules\\firebase-tools\\lib\\deploy\\hosting\\prepare.js","C:\\Users\\skapn\\AppData\\Roaming\\npm\\node_modules\\firebase-tools\\lib\\deploy\\hosting\\index.js","C:\\Users\\skapn\\AppData\\Roaming\\npm\\node_modules\\firebase-tools\\lib\\deploy\\index.js","C:\\Users\\skapn\\AppData\\Roaming\\npm\\node_modules\\firebase-tools\\lib\\commands\\deploy.js","C:\\Users\\skapn\\AppData\\Roaming\\npm\\node_modules\\firebase-tools\\lib\\commands\\index.js","C:\\Users\\skapn\\AppData\\Roaming\\npm\\node_modules\\firebase-tools\\lib\\index.js","C:\\Users\\skapn\\AppData\\Roaming\\npm\\node_modules\\firebase-tools\\lib\\bin\\cli.js","C:\\Users\\skapn\\AppData\\Roaming\\npm\\node_modules\\firebase-tools\\lib\\bin\\firebase.js"]}
[debug] [2026-05-14T11:18:49.867Z] checkFunctionsSDKVersion encountered error: Invalid Version:  {}
[debug] [2026-05-14T11:18:49.868Z] > [functions] package.json contents: {
  "name": "petpal-functions",
  "private": true,
  "engines": {
    "node": "20"
  },
  "main": "index.js",
  "dependencies": {
    "cors": "^2.8.5",
    "firebase-admin": "^12.0.0",
    "firebase-functions": "^4.6.0"
  }
}
[debug] [2026-05-14T11:18:49.868Z] Building nodejs source
[info] i  functions: Loading and analyzing source code for codebase default to determine what to deploy 
[debug] [2026-05-14T11:18:49.868Z] Could not parse firebase-functions version '' into semver.
[debug] [2026-05-14T11:18:49.869Z] Could not find functions.yaml. Must use http discovery
[debug] [2026-05-14T11:18:50.064Z] Error: Cannot find module 'firebase-functions'
Require stack:
- C:\Users\skapn\AppData\Roaming\npm\node_modules\firebase-tools\lib\deploy\functions\runtimes\node\index.js
- C:\Users\skapn\AppData\Roaming\npm\node_modules\firebase-tools\lib\deploy\functions\runtimes\index.js
- C:\Users\skapn\AppData\Roaming\npm\node_modules\firebase-tools\lib\deploy\functions\prepare.js
- C:\Users\skapn\AppData\Roaming\npm\node_modules\firebase-tools\lib\emulator\functionsEmulatorShared.js
- C:\Users\skapn\AppData\Roaming\npm\node_modules\firebase-tools\lib\frameworks\index.js
- C:\Users\skapn\AppData\Roaming\npm\node_modules\firebase-tools\lib\deploy\hosting\prepare.js
- C:\Users\skapn\AppData\Roaming\npm\node_modules\firebase-tools\lib\deploy\hosting\index.js
- C:\Users\skapn\AppData\Roaming\npm\node_modules\firebase-tools\lib\deploy\index.js
- C:\Users\skapn\AppData\Roaming\npm\node_modules\firebase-tools\lib\commands\deploy.js
- C:\Users\skapn\AppData\Roaming\npm\node_modules\firebase-tools\lib\commands\index.js
- C:\Users\skapn\AppData\Roaming\npm\node_modules\firebase-tools\lib\index.js
- C:\Users\skapn\AppData\Roaming\npm\node_modules\firebase-tools\lib\bin\cli.js
- C:\Users\skapn\AppData\Roaming\npm\node_modules\firebase-tools\lib\bin\firebase.js
    at Module._resolveFilename (node:internal/modules/cjs/loader:1225:15)
    at Function.resolve (node:internal/modules/helpers:190:19)
    at Delegate.findFunctionsBinary (C:\Users\skapn\AppData\Roaming\npm\node_modules\firebase-tools\lib\deploy\functions\runtimes\node\index.js:101:33)
    at Delegate.spawnFunctionsProcess (C:\Users\skapn\AppData\Roaming\npm\node_modules\firebase-tools\lib\deploy\functions\runtimes\node\index.js:131:30)
    at Delegate.serveAdmin (C:\Users\skapn\AppData\Roaming\npm\node_modules\firebase-tools\lib\deploy\functions\runtimes\node\index.js:152:35)
    at Delegate.discoverBuild (C:\Users\skapn\AppData\Roaming\npm\node_modules\firebase-tools\lib\deploy\functions\runtimes\node\index.js:192:41)
    at process.processTicksAndRejections (node:internal/process/task_queues:95:5)
    at async loadCodebases (C:\Users\skapn\AppData\Roaming\npm\node_modules\firebase-tools\lib\deploy\functions\prepare.js:386:33)
    at async prepare (C:\Users\skapn\AppData\Roaming\npm\node_modules\firebase-tools\lib\deploy\functions\prepare.js:73:24)
    at async chain (C:\Users\skapn\AppData\Roaming\npm\node_modules\firebase-tools\lib\deploy\index.js:45:9)
[error] 
[error] Error: An unexpected error has occurred.
